ra:  00000000 sp:  00000000 t0:  00000000 t1:  00000000 t2:  00000000 s0:  00000000 s1:  00000000 a0:  00000000 fetchAddr:  00000000 inst:  00840663 Time_Step:  0000
ra:  00000000 sp:  00000000 t0:  00000000 t1:  00000000 t2:  00000000 s0:  00000000 s1:  00000000 a0:  00000000 fetchAddr:  00000001 inst:  fff10113 Time_Step:  0001
ra:  00000000 sp:  00000000 t0:  00000000 t1:  00000000 t2:  00000000 s0:  00000000 s1:  00000000 a0:  00000000 fetchAddr:  00000003 inst:  00a48493 Time_Step:  0002
ra:  00000000 sp:  00000000 t0:  00000000 t1:  00000000 t2:  00000000 s0:  00000000 s1:  00000000 a0:  00000000 fetchAddr:  00000004 inst:  00944a63 Time_Step:  0003
ra:  00000000 sp:  00000000 t0:  00000000 t1:  00000000 t2:  00000000 s0:  00000000 s1:  0000000a a0:  00000000 fetchAddr:  00000005 inst:  fe0008e3 Time_Step:  0004
ra:  00000000 sp:  00000000 t0:  00000000 t1:  00000000 t2:  00000000 s0:  00000000 s1:  0000000a a0:  00000000 fetchAddr:  00000009 inst:  01440413 Time_Step:  0005
ra:  00000000 sp:  00000000 t0:  00000000 t1:  00000000 t2:  00000000 s0:  00000000 s1:  0000000a a0:  00000000 fetchAddr:  0000000a inst:  fe84c8e3 Time_Step:  0006
ra:  00000000 sp:  00000000 t0:  00000000 t1:  00000000 t2:  00000000 s0:  00000014 s1:  0000000a a0:  00000000 fetchAddr:  0000000b inst:  fc000ce3 Time_Step:  0007
ra:  00000000 sp:  00000000 t0:  00000000 t1:  00000000 t2:  00000000 s0:  00000014 s1:  0000000a a0:  00000000 fetchAddr:  00000006 inst:  fec48493 Time_Step:  0008
ra:  00000000 sp:  00000000 t0:  00000000 t1:  00000000 t2:  00000000 s0:  00000014 s1:  0000000a a0:  00000000 fetchAddr:  00000007 inst:  00946a63 Time_Step:  0009
ra:  00000000 sp:  00000000 t0:  00000000 t1:  00000000 t2:  00000000 s0:  00000014 s1:  fffffff6 a0:  00000000 fetchAddr:  00000008 inst:  fe0002e3 Time_Step:  000a
ra:  00000000 sp:  00000000 t0:  00000000 t1:  00000000 t2:  00000000 s0:  00000014 s1:  fffffff6 a0:  00000000 fetchAddr:  0000000c inst:  00000533 Time_Step:  000b
ra:  00000000 sp:  00000000 t0:  00000000 t1:  00000000 t2:  00000000 s0:  00000014 s1:  fffffff6 a0:  00000000 fetchAddr:  0000000d inst:  00000000 Time_Step:  000c
ra:  00000000 sp:  00000000 t0:  00000000 t1:  00000000 t2:  00000000 s0:  00000014 s1:  fffffff6 a0:  00000000 fetchAddr:  0000000e inst:  00000000 Time_Step:  000d
